19:03:14 **** Clean-only build of configuration Debug for project LCD_Paint ****
make -j8 clean 
rm -rf ./Middlewares/FatFs/Drivers/sd_diskio.cyclo ./Middlewares/FatFs/Drivers/sd_diskio.d ./Middlewares/FatFs/Drivers/sd_diskio.o ./Middlewares/FatFs/Drivers/sd_diskio.su
rm -rf ./Middlewares/FatFs/Core/diskio.cyclo ./Middlewares/FatFs/Core/diskio.d ./Middlewares/FatFs/Core/diskio.o ./Middlewares/FatFs/Core/diskio.su ./Middlewares/FatFs/Core/ff.cyclo ./Middlewares/FatFs/Core/ff.d ./Middlewares/FatFs/Core/ff.o ./Middlewares/FatFs/Core/ff.su ./Middlewares/FatFs/Core/ff_gen_drv.cyclo ./Middlewares/FatFs/Core/ff_gen_drv.d ./Middlewares/FatFs/Core/ff_gen_drv.o ./Middlewares/FatFs/Core/ff_gen_drv.su
rm -rf ./Drivers/STM32F4xx_HAL_Driver/stm32f4xx_hal.cyclo ./Drivers/STM32F4xx_HAL_Driver/stm32f4xx_hal.d ./Drivers/STM32F4xx_HAL_Driver/stm32f4xx_hal.o ./Drivers/STM32F4xx_HAL_Driver/stm32f4xx_hal.su ./Drivers/STM32F4xx_HAL_Driver/stm32f4xx_hal_cortex.cyclo ./Drivers/STM32F4xx_HAL_Driver/stm32f4xx_hal_cortex.d ./Drivers/STM32F4xx_HAL_Driver/stm32f4xx_hal_cortex.o ./Drivers/STM32F4xx_HAL_Driver/stm32f4xx_hal_cortex.su ./Drivers/STM32F4xx_HAL_Driver/stm32f4xx_hal_dma.cyclo ./Drivers/STM32F4xx_HAL_Driver/stm32f4xx_hal_dma.d ./Drivers/STM32F4xx_HAL_Driver/stm32f4xx_hal_dma.o ./Drivers/STM32F4xx_HAL_Driver/stm32f4xx_hal_dma.su ./Drivers/STM32F4xx_HAL_Driver/stm32f4xx_hal_dma2d.cyclo ./Drivers/STM32F4xx_HAL_Driver/stm32f4xx_hal_dma2d.d ./Drivers/STM32F4xx_HAL_Driver/stm32f4xx_hal_dma2d.o ./Drivers/STM32F4xx_HAL_Driver/stm32f4xx_hal_dma2d.su ./Drivers/STM32F4xx_HAL_Driver/stm32f4xx_hal_dsi.cyclo ./Drivers/STM32F4xx_HAL_Driver/stm32f4xx_hal_dsi.d ./Drivers/STM32F4xx_HAL_Driver/stm32f4xx_hal_dsi.o ./Drivers/STM32F4xx_HAL_Driver/stm32f4xx_hal_dsi.su ./Drivers/STM32F4xx_HAL_Driver/stm32f4xx_hal_flash.cyclo ./Drivers/STM32F4xx_HAL_Driver/stm32f4xx_hal_flash.d ./Drivers/STM32F4xx_HAL_Driver/stm32f4xx_hal_flash.o ./Drivers/STM32F4xx_HAL_Driver/stm32f4xx_hal_flash.su ./Drivers/STM32F4xx_HAL_Driver/stm32f4xx_hal_flash_ex.cyclo ./Drivers/STM32F4xx_HAL_Driver/stm32f4xx_hal_flash_ex.d ./Drivers/STM32F4xx_HAL_Driver/stm32f4xx_hal_flash_ex.o ./Drivers/STM32F4xx_HAL_Driver/stm32f4xx_hal_flash_ex.su ./Drivers/STM32F4xx_HAL_Driver/stm32f4xx_hal_gpio.cyclo ./Drivers/STM32F4xx_HAL_Driver/stm32f4xx_hal_gpio.d ./Drivers/STM32F4xx_HAL_Driver/stm32f4xx_hal_gpio.o ./Drivers/STM32F4xx_HAL_Driver/stm32f4xx_hal_gpio.su ./Drivers/STM32F4xx_HAL_Driver/stm32f4xx_hal_i2c.cyclo ./Drivers/STM32F4xx_HAL_Driver/stm32f4xx_hal_i2c.d ./Drivers/STM32F4xx_HAL_Driver/stm32f4xx_hal_i2c.o ./Drivers/STM32F4xx_HAL_Driver/stm32f4xx_hal_i2c.su ./Drivers/STM32F4xx_HAL_Driver/stm32f4xx_hal_i2c_ex.cyclo ./Drivers/STM32F4xx_HAL_Driver/stm32f4xx_hal_i2c_ex.d ./Drivers/STM32F4xx_HAL_Driver/stm32f4xx_hal_i2c_ex.o ./Drivers/STM32F4xx_HAL_Driver/stm32f4xx_hal_i2c_ex.su ./Drivers/STM32F4xx_HAL_Driver/stm32f4xx_hal_ltdc.cyclo ./Drivers/STM32F4xx_HAL_Driver/stm32f4xx_hal_ltdc.d ./Drivers/STM32F4xx_HAL_Driver/stm32f4xx_hal_ltdc.o ./Drivers/STM32F4xx_HAL_Driver/stm32f4xx_hal_ltdc.su ./Drivers/STM32F4xx_HAL_Driver/stm32f4xx_hal_ltdc_ex.cyclo ./Drivers/STM32F4xx_HAL_Driver/stm32f4xx_hal_ltdc_ex.d ./Drivers/STM32F4xx_HAL_Driver/stm32f4xx_hal_ltdc_ex.o ./Drivers/STM32F4xx_HAL_Driver/stm32f4xx_hal_ltdc_ex.su ./Drivers/STM32F4xx_HAL_Driver/stm32f4xx_hal_pwr.cyclo ./Drivers/STM32F4xx_HAL_Driver/stm32f4xx_hal_pwr.d ./Drivers/STM32F4xx_HAL_Driver/stm32f4xx_hal_pwr.o ./Drivers/STM32F4xx_HAL_Driver/stm32f4xx_hal_pwr.su ./Drivers/STM32F4xx_HAL_Driver/stm32f4xx_hal_pwr_ex.cyclo ./Drivers/STM32F4xx_HAL_Driver/stm32f4xx_hal_pwr_ex.d ./Drivers/STM32F4xx_HAL_Driver/stm32f4xx_hal_pwr_ex.o ./Drivers/STM32F4xx_HAL_Driver/stm32f4xx_hal_pwr_ex.su ./Drivers/STM32F4xx_HAL_Driver/stm32f4xx_hal_rcc.cyclo ./Drivers/STM32F4xx_HAL_Driver/stm32f4xx_hal_rcc.d ./Drivers/STM32F4xx_HAL_Driver/stm32f4xx_hal_rcc.o ./Drivers/STM32F4xx_HAL_Driver/stm32f4xx_hal_rcc.su ./Drivers/STM32F4xx_HAL_Driver/stm32f4xx_hal_rcc_ex.cyclo ./Drivers/STM32F4xx_HAL_Driver/stm32f4xx_hal_rcc_ex.d ./Drivers/STM32F4xx_HAL_Driver/stm32f4xx_hal_rcc_ex.o ./Drivers/STM32F4xx_HAL_Driver/stm32f4xx_hal_rcc_ex.su ./Drivers/STM32F4xx_HAL_Driver/stm32f4xx_hal_sd.cyclo ./Drivers/STM32F4xx_HAL_Driver/stm32f4xx_hal_sd.d ./Drivers/STM32F4xx_HAL_Driver/stm32f4xx_hal_sd.o ./Drivers/STM32F4xx_HAL_Driver/stm32f4xx_hal_sd.su ./Drivers/STM32F4xx_HAL_Driver/stm32f4xx_hal_sdram.cyclo ./Drivers/STM32F4xx_HAL_Driver/stm32f4xx_hal_sdram.d ./Drivers/STM32F4xx_HAL_Driver/stm32f4xx_hal_sdram.o ./Drivers/STM32F4xx_HAL_Driver/stm32f4xx_hal_sdram.su ./Drivers/STM32F4xx_HAL_Driver/stm32f4xx_hal_sram.cyclo ./Drivers/STM32F4xx_HAL_Driver/stm32f4xx_hal_sram.d ./Drivers/STM32F4xx_HAL_Driver/stm32f4xx_hal_sram.o ./Drivers/STM32F4xx_HAL_Driver/stm32f4xx_hal_sram.su ./Drivers/STM32F4xx_HAL_Driver/stm32f4xx_hal_uart.cyclo ./Drivers/STM32F4xx_HAL_Driver/stm32f4xx_hal_uart.d ./Drivers/STM32F4xx_HAL_Driver/stm32f4xx_hal_uart.o ./Drivers/STM32F4xx_HAL_Driver/stm32f4xx_hal_uart.su ./Drivers/STM32F4xx_HAL_Driver/stm32f4xx_ll_fmc.cyclo ./Drivers/STM32F4xx_HAL_Driver/stm32f4xx_ll_fmc.d ./Drivers/STM32F4xx_HAL_Driver/stm32f4xx_ll_fmc.o ./Drivers/STM32F4xx_HAL_Driver/stm32f4xx_ll_fmc.su ./Drivers/STM32F4xx_HAL_Driver/stm32f4xx_ll_sdmmc.cyclo ./Drivers/STM32F4xx_HAL_Driver/stm32f4xx_ll_sdmmc.d ./Drivers/STM32F4xx_HAL_Driver/stm32f4xx_ll_sdmmc.o ./Drivers/STM32F4xx_HAL_Driver/stm32f4xx_ll_sdmmc.su
rm -rf ./Drivers/CMSIS/system_stm32f4xx.cyclo ./Drivers/CMSIS/system_stm32f4xx.d ./Drivers/CMSIS/system_stm32f4xx.o ./Drivers/CMSIS/system_stm32f4xx.su
rm -rf ./Drivers/BSP/STM32469I-Discovery/stm32469i_discovery.cyclo ./Drivers/BSP/STM32469I-Discovery/stm32469i_discovery.d ./Drivers/BSP/STM32469I-Discovery/stm32469i_discovery.o ./Drivers/BSP/STM32469I-Discovery/stm32469i_discovery.su ./Drivers/BSP/STM32469I-Discovery/stm32469i_discovery_lcd.cyclo ./Drivers/BSP/STM32469I-Discovery/stm32469i_discovery_lcd.d ./Drivers/BSP/STM32469I-Discovery/stm32469i_discovery_lcd.o ./Drivers/BSP/STM32469I-Discovery/stm32469i_discovery_lcd.su ./Drivers/BSP/STM32469I-Discovery/stm32469i_discovery_sd.cyclo ./Drivers/BSP/STM32469I-Discovery/stm32469i_discovery_sd.d ./Drivers/BSP/STM32469I-Discovery/stm32469i_discovery_sd.o ./Drivers/BSP/STM32469I-Discovery/stm32469i_discovery_sd.su ./Drivers/BSP/STM32469I-Discovery/stm32469i_discovery_sdram.cyclo ./Drivers/BSP/STM32469I-Discovery/stm32469i_discovery_sdram.d ./Drivers/BSP/STM32469I-Discovery/stm32469i_discovery_sdram.o ./Drivers/BSP/STM32469I-Discovery/stm32469i_discovery_sdram.su ./Drivers/BSP/STM32469I-Discovery/stm32469i_discovery_ts.cyclo ./Drivers/BSP/STM32469I-Discovery/stm32469i_discovery_ts.d ./Drivers/BSP/STM32469I-Discovery/stm32469i_discovery_ts.o ./Drivers/BSP/STM32469I-Discovery/stm32469i_discovery_ts.su
rm -rf ./Drivers/BSP/Components/ft6x06.cyclo ./Drivers/BSP/Components/ft6x06.d ./Drivers/BSP/Components/ft6x06.o ./Drivers/BSP/Components/ft6x06.su ./Drivers/BSP/Components/nt35510.cyclo ./Drivers/BSP/Components/nt35510.d ./Drivers/BSP/Components/nt35510.o ./Drivers/BSP/Components/nt35510.su ./Drivers/BSP/Components/otm8009a.cyclo ./Drivers/BSP/Components/otm8009a.d ./Drivers/BSP/Components/otm8009a.o ./Drivers/BSP/Components/otm8009a.su
rm -rf ./Application/User/main.cyclo ./Application/User/main.d ./Application/User/main.o ./Application/User/main.su ./Application/User/stm32f4xx_it.cyclo ./Application/User/stm32f4xx_it.d ./Application/User/stm32f4xx_it.o ./Application/User/stm32f4xx_it.su ./Application/User/syscalls.cyclo ./Application/User/syscalls.d ./Application/User/syscalls.o ./Application/User/syscalls.su ./Application/User/sysmem.cyclo ./Application/User/sysmem.d ./Application/User/sysmem.o ./Application/User/sysmem.su ./Application/User/ts_calibration.cyclo ./Application/User/ts_calibration.d ./Application/User/ts_calibration.o ./Application/User/ts_calibration.su
rm -rf ./Application/Startup/startup_stm32f469nihx.d ./Application/Startup/startup_stm32f469nihx.o
rm -rf LCD_Paint.elf LCD_Paint.list LCD_Paint.map default.size.stdout
 
19:03:18 **** Build of configuration Debug for project LCD_Paint ****
make -j8 all 
arm-none-eabi-gcc "C:/Users/domin/OneDrive/Documentos/Servicio Social Nivel Superior/Repositorio_STM32F469IDISCO/LCD_Paint/Src/sd_diskio.c" -mcpu=cortex-m4 -std=gnu11 -g3 -DDEBUG -DUSE_STM32469I_DISCOVERY -DUSE_HAL_DRIVER -DUSE_STM32469I_DISCO_REVC -DSTM32F469xx -DTS_MULTI_TOUCH_SUPPORTED -c -I../../Inc -I../../Drivers/CMSIS/Device/ST/STM32F4xx/Include -I../../Drivers/STM32F4xx_HAL_Driver/Inc -I../../Drivers/BSP/STM32469I-Discovery -I../../Drivers/BSP/Components/ft6x06 -I../../Drivers/BSP/Components/Common -I../../Drivers/BSP/Components -I../../Utilities -I../../Utilities/Fonts -I../../Middlewares/Third_Party/FatFs/src -I../../Drivers/CMSIS/Include -O0 -ffunction-sections -fdata-sections -Wall -fstack-usage -fcyclomatic-complexity -MMD -MP -MF"Middlewares/FatFs/Drivers/sd_diskio.d" -MT"Middlewares/FatFs/Drivers/sd_diskio.o" --specs=nano.specs -mfpu=fpv4-sp-d16 -mfloat-abi=hard -mthumb -o "Middlewares/FatFs/Drivers/sd_diskio.o"
arm-none-eabi-gcc "C:/Users/domin/OneDrive/Documentos/Servicio Social Nivel Superior/Repositorio_STM32F469IDISCO/LCD_Paint/Middlewares/Third_Party/FatFs/src/diskio.c" -mcpu=cortex-m4 -std=gnu11 -g3 -DDEBUG -DUSE_STM32469I_DISCOVERY -DUSE_HAL_DRIVER -DUSE_STM32469I_DISCO_REVC -DSTM32F469xx -DTS_MULTI_TOUCH_SUPPORTED -c -I../../Inc -I../../Drivers/CMSIS/Device/ST/STM32F4xx/Include -I../../Drivers/STM32F4xx_HAL_Driver/Inc -I../../Drivers/BSP/STM32469I-Discovery -I../../Drivers/BSP/Components/ft6x06 -I../../Drivers/BSP/Components/Common -I../../Drivers/BSP/Components -I../../Utilities -I../../Utilities/Fonts -I../../Middlewares/Third_Party/FatFs/src -I../../Drivers/CMSIS/Include -O0 -ffunction-sections -fdata-sections -Wall -fstack-usage -fcyclomatic-complexity -MMD -MP -MF"Middlewares/FatFs/Core/diskio.d" -MT"Middlewares/FatFs/Core/diskio.o" --specs=nano.specs -mfpu=fpv4-sp-d16 -mfloat-abi=hard -mthumb -o "Middlewares/FatFs/Core/diskio.o"
arm-none-eabi-gcc "C:/Users/domin/OneDrive/Documentos/Servicio Social Nivel Superior/Repositorio_STM32F469IDISCO/LCD_Paint/Middlewares/Third_Party/FatFs/src/ff.c" -mcpu=cortex-m4 -std=gnu11 -g3 -DDEBUG -DUSE_STM32469I_DISCOVERY -DUSE_HAL_DRIVER -DUSE_STM32469I_DISCO_REVC -DSTM32F469xx -DTS_MULTI_TOUCH_SUPPORTED -c -I../../Inc -I../../Drivers/CMSIS/Device/ST/STM32F4xx/Include -I../../Drivers/STM32F4xx_HAL_Driver/Inc -I../../Drivers/BSP/STM32469I-Discovery -I../../Drivers/BSP/Components/ft6x06 -I../../Drivers/BSP/Components/Common -I../../Drivers/BSP/Components -I../../Utilities -I../../Utilities/Fonts -I../../Middlewares/Third_Party/FatFs/src -I../../Drivers/CMSIS/Include -O0 -ffunction-sections -fdata-sections -Wall -fstack-usage -fcyclomatic-complexity -MMD -MP -MF"Middlewares/FatFs/Core/ff.d" -MT"Middlewares/FatFs/Core/ff.o" --specs=nano.specs -mfpu=fpv4-sp-d16 -mfloat-abi=hard -mthumb -o "Middlewares/FatFs/Core/ff.o"
arm-none-eabi-gcc "C:/Users/domin/OneDrive/Documentos/Servicio Social Nivel Superior/Repositorio_STM32F469IDISCO/LCD_Paint/Middlewares/Third_Party/FatFs/src/ff_gen_drv.c" -mcpu=cortex-m4 -std=gnu11 -g3 -DDEBUG -DUSE_STM32469I_DISCOVERY -DUSE_HAL_DRIVER -DUSE_STM32469I_DISCO_REVC -DSTM32F469xx -DTS_MULTI_TOUCH_SUPPORTED -c -I../../Inc -I../../Drivers/CMSIS/Device/ST/STM32F4xx/Include -I../../Drivers/STM32F4xx_HAL_Driver/Inc -I../../Drivers/BSP/STM32469I-Discovery -I../../Drivers/BSP/Components/ft6x06 -I../../Drivers/BSP/Components/Common -I../../Drivers/BSP/Components -I../../Utilities -I../../Utilities/Fonts -I../../Middlewares/Third_Party/FatFs/src -I../../Drivers/CMSIS/Include -O0 -ffunction-sections -fdata-sections -Wall -fstack-usage -fcyclomatic-complexity -MMD -MP -MF"Middlewares/FatFs/Core/ff_gen_drv.d" -MT"Middlewares/FatFs/Core/ff_gen_drv.o" --specs=nano.specs -mfpu=fpv4-sp-d16 -mfloat-abi=hard -mthumb -o "Middlewares/FatFs/Core/ff_gen_drv.o"
arm-none-eabi-gcc "C:/Users/domin/OneDrive/Documentos/Servicio Social Nivel Superior/Repositorio_STM32F469IDISCO/LCD_Paint/Drivers/STM32F4xx_HAL_Driver/Src/stm32f4xx_hal.c" -mcpu=cortex-m4 -std=gnu11 -g3 -DDEBUG -DUSE_STM32469I_DISCOVERY -DUSE_HAL_DRIVER -DUSE_STM32469I_DISCO_REVC -DSTM32F469xx -DTS_MULTI_TOUCH_SUPPORTED -c -I../../Inc -I../../Drivers/CMSIS/Device/ST/STM32F4xx/Include -I../../Drivers/STM32F4xx_HAL_Driver/Inc -I../../Drivers/BSP/STM32469I-Discovery -I../../Drivers/BSP/Components/ft6x06 -I../../Drivers/BSP/Components/Common -I../../Drivers/BSP/Components -I../../Utilities -I../../Utilities/Fonts -I../../Middlewares/Third_Party/FatFs/src -I../../Drivers/CMSIS/Include -O0 -ffunction-sections -fdata-sections -Wall -fstack-usage -fcyclomatic-complexity -MMD -MP -MF"Drivers/STM32F4xx_HAL_Driver/stm32f4xx_hal.d" -MT"Drivers/STM32F4xx_HAL_Driver/stm32f4xx_hal.o" --specs=nano.specs -mfpu=fpv4-sp-d16 -mfloat-abi=hard -mthumb -o "Drivers/STM32F4xx_HAL_Driver/stm32f4xx_hal.o"
arm-none-eabi-gcc "C:/Users/domin/OneDrive/Documentos/Servicio Social Nivel Superior/Repositorio_STM32F469IDISCO/LCD_Paint/Drivers/STM32F4xx_HAL_Driver/Src/stm32f4xx_hal_cortex.c" -mcpu=cortex-m4 -std=gnu11 -g3 -DDEBUG -DUSE_STM32469I_DISCOVERY -DUSE_HAL_DRIVER -DUSE_STM32469I_DISCO_REVC -DSTM32F469xx -DTS_MULTI_TOUCH_SUPPORTED -c -I../../Inc -I../../Drivers/CMSIS/Device/ST/STM32F4xx/Include -I../../Drivers/STM32F4xx_HAL_Driver/Inc -I../../Drivers/BSP/STM32469I-Discovery -I../../Drivers/BSP/Components/ft6x06 -I../../Drivers/BSP/Components/Common -I../../Drivers/BSP/Components -I../../Utilities -I../../Utilities/Fonts -I../../Middlewares/Third_Party/FatFs/src -I../../Drivers/CMSIS/Include -O0 -ffunction-sections -fdata-sections -Wall -fstack-usage -fcyclomatic-complexity -MMD -MP -MF"Drivers/STM32F4xx_HAL_Driver/stm32f4xx_hal_cortex.d" -MT"Drivers/STM32F4xx_HAL_Driver/stm32f4xx_hal_cortex.o" --specs=nano.specs -mfpu=fpv4-sp-d16 -mfloat-abi=hard -mthumb -o "Drivers/STM32F4xx_HAL_Driver/stm32f4xx_hal_cortex.o"
arm-none-eabi-gcc "C:/Users/domin/OneDrive/Documentos/Servicio Social Nivel Superior/Repositorio_STM32F469IDISCO/LCD_Paint/Drivers/STM32F4xx_HAL_Driver/Src/stm32f4xx_hal_dma.c" -mcpu=cortex-m4 -std=gnu11 -g3 -DDEBUG -DUSE_STM32469I_DISCOVERY -DUSE_HAL_DRIVER -DUSE_STM32469I_DISCO_REVC -DSTM32F469xx -DTS_MULTI_TOUCH_SUPPORTED -c -I../../Inc -I../../Drivers/CMSIS/Device/ST/STM32F4xx/Include -I../../Drivers/STM32F4xx_HAL_Driver/Inc -I../../Drivers/BSP/STM32469I-Discovery -I../../Drivers/BSP/Components/ft6x06 -I../../Drivers/BSP/Components/Common -I../../Drivers/BSP/Components -I../../Utilities -I../../Utilities/Fonts -I../../Middlewares/Third_Party/FatFs/src -I../../Drivers/CMSIS/Include -O0 -ffunction-sections -fdata-sections -Wall -fstack-usage -fcyclomatic-complexity -MMD -MP -MF"Drivers/STM32F4xx_HAL_Driver/stm32f4xx_hal_dma.d" -MT"Drivers/STM32F4xx_HAL_Driver/stm32f4xx_hal_dma.o" --specs=nano.specs -mfpu=fpv4-sp-d16 -mfloat-abi=hard -mthumb -o "Drivers/STM32F4xx_HAL_Driver/stm32f4xx_hal_dma.o"
arm-none-eabi-gcc "C:/Users/domin/OneDrive/Documentos/Servicio Social Nivel Superior/Repositorio_STM32F469IDISCO/LCD_Paint/Drivers/STM32F4xx_HAL_Driver/Src/stm32f4xx_hal_dma2d.c" -mcpu=cortex-m4 -std=gnu11 -g3 -DDEBUG -DUSE_STM32469I_DISCOVERY -DUSE_HAL_DRIVER -DUSE_STM32469I_DISCO_REVC -DSTM32F469xx -DTS_MULTI_TOUCH_SUPPORTED -c -I../../Inc -I../../Drivers/CMSIS/Device/ST/STM32F4xx/Include -I../../Drivers/STM32F4xx_HAL_Driver/Inc -I../../Drivers/BSP/STM32469I-Discovery -I../../Drivers/BSP/Components/ft6x06 -I../../Drivers/BSP/Components/Common -I../../Drivers/BSP/Components -I../../Utilities -I../../Utilities/Fonts -I../../Middlewares/Third_Party/FatFs/src -I../../Drivers/CMSIS/Include -O0 -ffunction-sections -fdata-sections -Wall -fstack-usage -fcyclomatic-complexity -MMD -MP -MF"Drivers/STM32F4xx_HAL_Driver/stm32f4xx_hal_dma2d.d" -MT"Drivers/STM32F4xx_HAL_Driver/stm32f4xx_hal_dma2d.o" --specs=nano.specs -mfpu=fpv4-sp-d16 -mfloat-abi=hard -mthumb -o "Drivers/STM32F4xx_HAL_Driver/stm32f4xx_hal_dma2d.o"
arm-none-eabi-gcc "C:/Users/domin/OneDrive/Documentos/Servicio Social Nivel Superior/Repositorio_STM32F469IDISCO/LCD_Paint/Drivers/STM32F4xx_HAL_Driver/Src/stm32f4xx_hal_dsi.c" -mcpu=cortex-m4 -std=gnu11 -g3 -DDEBUG -DUSE_STM32469I_DISCOVERY -DUSE_HAL_DRIVER -DUSE_STM32469I_DISCO_REVC -DSTM32F469xx -DTS_MULTI_TOUCH_SUPPORTED -c -I../../Inc -I../../Drivers/CMSIS/Device/ST/STM32F4xx/Include -I../../Drivers/STM32F4xx_HAL_Driver/Inc -I../../Drivers/BSP/STM32469I-Discovery -I../../Drivers/BSP/Components/ft6x06 -I../../Drivers/BSP/Components/Common -I../../Drivers/BSP/Components -I../../Utilities -I../../Utilities/Fonts -I../../Middlewares/Third_Party/FatFs/src -I../../Drivers/CMSIS/Include -O0 -ffunction-sections -fdata-sections -Wall -fstack-usage -fcyclomatic-complexity -MMD -MP -MF"Drivers/STM32F4xx_HAL_Driver/stm32f4xx_hal_dsi.d" -MT"Drivers/STM32F4xx_HAL_Driver/stm32f4xx_hal_dsi.o" --specs=nano.specs -mfpu=fpv4-sp-d16 -mfloat-abi=hard -mthumb -o "Drivers/STM32F4xx_HAL_Driver/stm32f4xx_hal_dsi.o"
arm-none-eabi-gcc "C:/Users/domin/OneDrive/Documentos/Servicio Social Nivel Superior/Repositorio_STM32F469IDISCO/LCD_Paint/Drivers/STM32F4xx_HAL_Driver/Src/stm32f4xx_hal_flash.c" -mcpu=cortex-m4 -std=gnu11 -g3 -DDEBUG -DUSE_STM32469I_DISCOVERY -DUSE_HAL_DRIVER -DUSE_STM32469I_DISCO_REVC -DSTM32F469xx -DTS_MULTI_TOUCH_SUPPORTED -c -I../../Inc -I../../Drivers/CMSIS/Device/ST/STM32F4xx/Include -I../../Drivers/STM32F4xx_HAL_Driver/Inc -I../../Drivers/BSP/STM32469I-Discovery -I../../Drivers/BSP/Components/ft6x06 -I../../Drivers/BSP/Components/Common -I../../Drivers/BSP/Components -I../../Utilities -I../../Utilities/Fonts -I../../Middlewares/Third_Party/FatFs/src -I../../Drivers/CMSIS/Include -O0 -ffunction-sections -fdata-sections -Wall -fstack-usage -fcyclomatic-complexity -MMD -MP -MF"Drivers/STM32F4xx_HAL_Driver/stm32f4xx_hal_flash.d" -MT"Drivers/STM32F4xx_HAL_Driver/stm32f4xx_hal_flash.o" --specs=nano.specs -mfpu=fpv4-sp-d16 -mfloat-abi=hard -mthumb -o "Drivers/STM32F4xx_HAL_Driver/stm32f4xx_hal_flash.o"
arm-none-eabi-gcc "C:/Users/domin/OneDrive/Documentos/Servicio Social Nivel Superior/Repositorio_STM32F469IDISCO/LCD_Paint/Drivers/STM32F4xx_HAL_Driver/Src/stm32f4xx_hal_flash_ex.c" -mcpu=cortex-m4 -std=gnu11 -g3 -DDEBUG -DUSE_STM32469I_DISCOVERY -DUSE_HAL_DRIVER -DUSE_STM32469I_DISCO_REVC -DSTM32F469xx -DTS_MULTI_TOUCH_SUPPORTED -c -I../../Inc -I../../Drivers/CMSIS/Device/ST/STM32F4xx/Include -I../../Drivers/STM32F4xx_HAL_Driver/Inc -I../../Drivers/BSP/STM32469I-Discovery -I../../Drivers/BSP/Components/ft6x06 -I../../Drivers/BSP/Components/Common -I../../Drivers/BSP/Components -I../../Utilities -I../../Utilities/Fonts -I../../Middlewares/Third_Party/FatFs/src -I../../Drivers/CMSIS/Include -O0 -ffunction-sections -fdata-sections -Wall -fstack-usage -fcyclomatic-complexity -MMD -MP -MF"Drivers/STM32F4xx_HAL_Driver/stm32f4xx_hal_flash_ex.d" -MT"Drivers/STM32F4xx_HAL_Driver/stm32f4xx_hal_flash_ex.o" --specs=nano.specs -mfpu=fpv4-sp-d16 -mfloat-abi=hard -mthumb -o "Drivers/STM32F4xx_HAL_Driver/stm32f4xx_hal_flash_ex.o"
arm-none-eabi-gcc "C:/Users/domin/OneDrive/Documentos/Servicio Social Nivel Superior/Repositorio_STM32F469IDISCO/LCD_Paint/Drivers/STM32F4xx_HAL_Driver/Src/stm32f4xx_hal_gpio.c" -mcpu=cortex-m4 -std=gnu11 -g3 -DDEBUG -DUSE_STM32469I_DISCOVERY -DUSE_HAL_DRIVER -DUSE_STM32469I_DISCO_REVC -DSTM32F469xx -DTS_MULTI_TOUCH_SUPPORTED -c -I../../Inc -I../../Drivers/CMSIS/Device/ST/STM32F4xx/Include -I../../Drivers/STM32F4xx_HAL_Driver/Inc -I../../Drivers/BSP/STM32469I-Discovery -I../../Drivers/BSP/Components/ft6x06 -I../../Drivers/BSP/Components/Common -I../../Drivers/BSP/Components -I../../Utilities -I../../Utilities/Fonts -I../../Middlewares/Third_Party/FatFs/src -I../../Drivers/CMSIS/Include -O0 -ffunction-sections -fdata-sections -Wall -fstack-usage -fcyclomatic-complexity -MMD -MP -MF"Drivers/STM32F4xx_HAL_Driver/stm32f4xx_hal_gpio.d" -MT"Drivers/STM32F4xx_HAL_Driver/stm32f4xx_hal_gpio.o" --specs=nano.specs -mfpu=fpv4-sp-d16 -mfloat-abi=hard -mthumb -o "Drivers/STM32F4xx_HAL_Driver/stm32f4xx_hal_gpio.o"
arm-none-eabi-gcc "C:/Users/domin/OneDrive/Documentos/Servicio Social Nivel Superior/Repositorio_STM32F469IDISCO/LCD_Paint/Drivers/STM32F4xx_HAL_Driver/Src/stm32f4xx_hal_i2c.c" -mcpu=cortex-m4 -std=gnu11 -g3 -DDEBUG -DUSE_STM32469I_DISCOVERY -DUSE_HAL_DRIVER -DUSE_STM32469I_DISCO_REVC -DSTM32F469xx -DTS_MULTI_TOUCH_SUPPORTED -c -I../../Inc -I../../Drivers/CMSIS/Device/ST/STM32F4xx/Include -I../../Drivers/STM32F4xx_HAL_Driver/Inc -I../../Drivers/BSP/STM32469I-Discovery -I../../Drivers/BSP/Components/ft6x06 -I../../Drivers/BSP/Components/Common -I../../Drivers/BSP/Components -I../../Utilities -I../../Utilities/Fonts -I../../Middlewares/Third_Party/FatFs/src -I../../Drivers/CMSIS/Include -O0 -ffunction-sections -fdata-sections -Wall -fstack-usage -fcyclomatic-complexity -MMD -MP -MF"Drivers/STM32F4xx_HAL_Driver/stm32f4xx_hal_i2c.d" -MT"Drivers/STM32F4xx_HAL_Driver/stm32f4xx_hal_i2c.o" --specs=nano.specs -mfpu=fpv4-sp-d16 -mfloat-abi=hard -mthumb -o "Drivers/STM32F4xx_HAL_Driver/stm32f4xx_hal_i2c.o"
arm-none-eabi-gcc "C:/Users/domin/OneDrive/Documentos/Servicio Social Nivel Superior/Repositorio_STM32F469IDISCO/LCD_Paint/Drivers/STM32F4xx_HAL_Driver/Src/stm32f4xx_hal_i2c_ex.c" -mcpu=cortex-m4 -std=gnu11 -g3 -DDEBUG -DUSE_STM32469I_DISCOVERY -DUSE_HAL_DRIVER -DUSE_STM32469I_DISCO_REVC -DSTM32F469xx -DTS_MULTI_TOUCH_SUPPORTED -c -I../../Inc -I../../Drivers/CMSIS/Device/ST/STM32F4xx/Include -I../../Drivers/STM32F4xx_HAL_Driver/Inc -I../../Drivers/BSP/STM32469I-Discovery -I../../Drivers/BSP/Components/ft6x06 -I../../Drivers/BSP/Components/Common -I../../Drivers/BSP/Components -I../../Utilities -I../../Utilities/Fonts -I../../Middlewares/Third_Party/FatFs/src -I../../Drivers/CMSIS/Include -O0 -ffunction-sections -fdata-sections -Wall -fstack-usage -fcyclomatic-complexity -MMD -MP -MF"Drivers/STM32F4xx_HAL_Driver/stm32f4xx_hal_i2c_ex.d" -MT"Drivers/STM32F4xx_HAL_Driver/stm32f4xx_hal_i2c_ex.o" --specs=nano.specs -mfpu=fpv4-sp-d16 -mfloat-abi=hard -mthumb -o "Drivers/STM32F4xx_HAL_Driver/stm32f4xx_hal_i2c_ex.o"
arm-none-eabi-gcc "C:/Users/domin/OneDrive/Documentos/Servicio Social Nivel Superior/Repositorio_STM32F469IDISCO/LCD_Paint/Drivers/STM32F4xx_HAL_Driver/Src/stm32f4xx_hal_ltdc.c" -mcpu=cortex-m4 -std=gnu11 -g3 -DDEBUG -DUSE_STM32469I_DISCOVERY -DUSE_HAL_DRIVER -DUSE_STM32469I_DISCO_REVC -DSTM32F469xx -DTS_MULTI_TOUCH_SUPPORTED -c -I../../Inc -I../../Drivers/CMSIS/Device/ST/STM32F4xx/Include -I../../Drivers/STM32F4xx_HAL_Driver/Inc -I../../Drivers/BSP/STM32469I-Discovery -I../../Drivers/BSP/Components/ft6x06 -I../../Drivers/BSP/Components/Common -I../../Drivers/BSP/Components -I../../Utilities -I../../Utilities/Fonts -I../../Middlewares/Third_Party/FatFs/src -I../../Drivers/CMSIS/Include -O0 -ffunction-sections -fdata-sections -Wall -fstack-usage -fcyclomatic-complexity -MMD -MP -MF"Drivers/STM32F4xx_HAL_Driver/stm32f4xx_hal_ltdc.d" -MT"Drivers/STM32F4xx_HAL_Driver/stm32f4xx_hal_ltdc.o" --specs=nano.specs -mfpu=fpv4-sp-d16 -mfloat-abi=hard -mthumb -o "Drivers/STM32F4xx_HAL_Driver/stm32f4xx_hal_ltdc.o"
arm-none-eabi-gcc "C:/Users/domin/OneDrive/Documentos/Servicio Social Nivel Superior/Repositorio_STM32F469IDISCO/LCD_Paint/Drivers/STM32F4xx_HAL_Driver/Src/stm32f4xx_hal_ltdc_ex.c" -mcpu=cortex-m4 -std=gnu11 -g3 -DDEBUG -DUSE_STM32469I_DISCOVERY -DUSE_HAL_DRIVER -DUSE_STM32469I_DISCO_REVC -DSTM32F469xx -DTS_MULTI_TOUCH_SUPPORTED -c -I../../Inc -I../../Drivers/CMSIS/Device/ST/STM32F4xx/Include -I../../Drivers/STM32F4xx_HAL_Driver/Inc -I../../Drivers/BSP/STM32469I-Discovery -I../../Drivers/BSP/Components/ft6x06 -I../../Drivers/BSP/Components/Common -I../../Drivers/BSP/Components -I../../Utilities -I../../Utilities/Fonts -I../../Middlewares/Third_Party/FatFs/src -I../../Drivers/CMSIS/Include -O0 -ffunction-sections -fdata-sections -Wall -fstack-usage -fcyclomatic-complexity -MMD -MP -MF"Drivers/STM32F4xx_HAL_Driver/stm32f4xx_hal_ltdc_ex.d" -MT"Drivers/STM32F4xx_HAL_Driver/stm32f4xx_hal_ltdc_ex.o" --specs=nano.specs -mfpu=fpv4-sp-d16 -mfloat-abi=hard -mthumb -o "Drivers/STM32F4xx_HAL_Driver/stm32f4xx_hal_ltdc_ex.o"
arm-none-eabi-gcc "C:/Users/domin/OneDrive/Documentos/Servicio Social Nivel Superior/Repositorio_STM32F469IDISCO/LCD_Paint/Drivers/STM32F4xx_HAL_Driver/Src/stm32f4xx_hal_pwr.c" -mcpu=cortex-m4 -std=gnu11 -g3 -DDEBUG -DUSE_STM32469I_DISCOVERY -DUSE_HAL_DRIVER -DUSE_STM32469I_DISCO_REVC -DSTM32F469xx -DTS_MULTI_TOUCH_SUPPORTED -c -I../../Inc -I../../Drivers/CMSIS/Device/ST/STM32F4xx/Include -I../../Drivers/STM32F4xx_HAL_Driver/Inc -I../../Drivers/BSP/STM32469I-Discovery -I../../Drivers/BSP/Components/ft6x06 -I../../Drivers/BSP/Components/Common -I../../Drivers/BSP/Components -I../../Utilities -I../../Utilities/Fonts -I../../Middlewares/Third_Party/FatFs/src -I../../Drivers/CMSIS/Include -O0 -ffunction-sections -fdata-sections -Wall -fstack-usage -fcyclomatic-complexity -MMD -MP -MF"Drivers/STM32F4xx_HAL_Driver/stm32f4xx_hal_pwr.d" -MT"Drivers/STM32F4xx_HAL_Driver/stm32f4xx_hal_pwr.o" --specs=nano.specs -mfpu=fpv4-sp-d16 -mfloat-abi=hard -mthumb -o "Drivers/STM32F4xx_HAL_Driver/stm32f4xx_hal_pwr.o"
arm-none-eabi-gcc "C:/Users/domin/OneDrive/Documentos/Servicio Social Nivel Superior/Repositorio_STM32F469IDISCO/LCD_Paint/Drivers/STM32F4xx_HAL_Driver/Src/stm32f4xx_hal_pwr_ex.c" -mcpu=cortex-m4 -std=gnu11 -g3 -DDEBUG -DUSE_STM32469I_DISCOVERY -DUSE_HAL_DRIVER -DUSE_STM32469I_DISCO_REVC -DSTM32F469xx -DTS_MULTI_TOUCH_SUPPORTED -c -I../../Inc -I../../Drivers/CMSIS/Device/ST/STM32F4xx/Include -I../../Drivers/STM32F4xx_HAL_Driver/Inc -I../../Drivers/BSP/STM32469I-Discovery -I../../Drivers/BSP/Components/ft6x06 -I../../Drivers/BSP/Components/Common -I../../Drivers/BSP/Components -I../../Utilities -I../../Utilities/Fonts -I../../Middlewares/Third_Party/FatFs/src -I../../Drivers/CMSIS/Include -O0 -ffunction-sections -fdata-sections -Wall -fstack-usage -fcyclomatic-complexity -MMD -MP -MF"Drivers/STM32F4xx_HAL_Driver/stm32f4xx_hal_pwr_ex.d" -MT"Drivers/STM32F4xx_HAL_Driver/stm32f4xx_hal_pwr_ex.o" --specs=nano.specs -mfpu=fpv4-sp-d16 -mfloat-abi=hard -mthumb -o "Drivers/STM32F4xx_HAL_Driver/stm32f4xx_hal_pwr_ex.o"
arm-none-eabi-gcc "C:/Users/domin/OneDrive/Documentos/Servicio Social Nivel Superior/Repositorio_STM32F469IDISCO/LCD_Paint/Drivers/STM32F4xx_HAL_Driver/Src/stm32f4xx_hal_rcc.c" -mcpu=cortex-m4 -std=gnu11 -g3 -DDEBUG -DUSE_STM32469I_DISCOVERY -DUSE_HAL_DRIVER -DUSE_STM32469I_DISCO_REVC -DSTM32F469xx -DTS_MULTI_TOUCH_SUPPORTED -c -I../../Inc -I../../Drivers/CMSIS/Device/ST/STM32F4xx/Include -I../../Drivers/STM32F4xx_HAL_Driver/Inc -I../../Drivers/BSP/STM32469I-Discovery -I../../Drivers/BSP/Components/ft6x06 -I../../Drivers/BSP/Components/Common -I../../Drivers/BSP/Components -I../../Utilities -I../../Utilities/Fonts -I../../Middlewares/Third_Party/FatFs/src -I../../Drivers/CMSIS/Include -O0 -ffunction-sections -fdata-sections -Wall -fstack-usage -fcyclomatic-complexity -MMD -MP -MF"Drivers/STM32F4xx_HAL_Driver/stm32f4xx_hal_rcc.d" -MT"Drivers/STM32F4xx_HAL_Driver/stm32f4xx_hal_rcc.o" --specs=nano.specs -mfpu=fpv4-sp-d16 -mfloat-abi=hard -mthumb -o "Drivers/STM32F4xx_HAL_Driver/stm32f4xx_hal_rcc.o"
arm-none-eabi-gcc "C:/Users/domin/OneDrive/Documentos/Servicio Social Nivel Superior/Repositorio_STM32F469IDISCO/LCD_Paint/Drivers/STM32F4xx_HAL_Driver/Src/stm32f4xx_hal_rcc_ex.c" -mcpu=cortex-m4 -std=gnu11 -g3 -DDEBUG -DUSE_STM32469I_DISCOVERY -DUSE_HAL_DRIVER -DUSE_STM32469I_DISCO_REVC -DSTM32F469xx -DTS_MULTI_TOUCH_SUPPORTED -c -I../../Inc -I../../Drivers/CMSIS/Device/ST/STM32F4xx/Include -I../../Drivers/STM32F4xx_HAL_Driver/Inc -I../../Drivers/BSP/STM32469I-Discovery -I../../Drivers/BSP/Components/ft6x06 -I../../Drivers/BSP/Components/Common -I../../Drivers/BSP/Components -I../../Utilities -I../../Utilities/Fonts -I../../Middlewares/Third_Party/FatFs/src -I../../Drivers/CMSIS/Include -O0 -ffunction-sections -fdata-sections -Wall -fstack-usage -fcyclomatic-complexity -MMD -MP -MF"Drivers/STM32F4xx_HAL_Driver/stm32f4xx_hal_rcc_ex.d" -MT"Drivers/STM32F4xx_HAL_Driver/stm32f4xx_hal_rcc_ex.o" --specs=nano.specs -mfpu=fpv4-sp-d16 -mfloat-abi=hard -mthumb -o "Drivers/STM32F4xx_HAL_Driver/stm32f4xx_hal_rcc_ex.o"
arm-none-eabi-gcc "C:/Users/domin/OneDrive/Documentos/Servicio Social Nivel Superior/Repositorio_STM32F469IDISCO/LCD_Paint/Drivers/STM32F4xx_HAL_Driver/Src/stm32f4xx_hal_sd.c" -mcpu=cortex-m4 -std=gnu11 -g3 -DDEBUG -DUSE_STM32469I_DISCOVERY -DUSE_HAL_DRIVER -DUSE_STM32469I_DISCO_REVC -DSTM32F469xx -DTS_MULTI_TOUCH_SUPPORTED -c -I../../Inc -I../../Drivers/CMSIS/Device/ST/STM32F4xx/Include -I../../Drivers/STM32F4xx_HAL_Driver/Inc -I../../Drivers/BSP/STM32469I-Discovery -I../../Drivers/BSP/Components/ft6x06 -I../../Drivers/BSP/Components/Common -I../../Drivers/BSP/Components -I../../Utilities -I../../Utilities/Fonts -I../../Middlewares/Third_Party/FatFs/src -I../../Drivers/CMSIS/Include -O0 -ffunction-sections -fdata-sections -Wall -fstack-usage -fcyclomatic-complexity -MMD -MP -MF"Drivers/STM32F4xx_HAL_Driver/stm32f4xx_hal_sd.d" -MT"Drivers/STM32F4xx_HAL_Driver/stm32f4xx_hal_sd.o" --specs=nano.specs -mfpu=fpv4-sp-d16 -mfloat-abi=hard -mthumb -o "Drivers/STM32F4xx_HAL_Driver/stm32f4xx_hal_sd.o"
arm-none-eabi-gcc "C:/Users/domin/OneDrive/Documentos/Servicio Social Nivel Superior/Repositorio_STM32F469IDISCO/LCD_Paint/Drivers/STM32F4xx_HAL_Driver/Src/stm32f4xx_hal_sdram.c" -mcpu=cortex-m4 -std=gnu11 -g3 -DDEBUG -DUSE_STM32469I_DISCOVERY -DUSE_HAL_DRIVER -DUSE_STM32469I_DISCO_REVC -DSTM32F469xx -DTS_MULTI_TOUCH_SUPPORTED -c -I../../Inc -I../../Drivers/CMSIS/Device/ST/STM32F4xx/Include -I../../Drivers/STM32F4xx_HAL_Driver/Inc -I../../Drivers/BSP/STM32469I-Discovery -I../../Drivers/BSP/Components/ft6x06 -I../../Drivers/BSP/Components/Common -I../../Drivers/BSP/Components -I../../Utilities -I../../Utilities/Fonts -I../../Middlewares/Third_Party/FatFs/src -I../../Drivers/CMSIS/Include -O0 -ffunction-sections -fdata-sections -Wall -fstack-usage -fcyclomatic-complexity -MMD -MP -MF"Drivers/STM32F4xx_HAL_Driver/stm32f4xx_hal_sdram.d" -MT"Drivers/STM32F4xx_HAL_Driver/stm32f4xx_hal_sdram.o" --specs=nano.specs -mfpu=fpv4-sp-d16 -mfloat-abi=hard -mthumb -o "Drivers/STM32F4xx_HAL_Driver/stm32f4xx_hal_sdram.o"
arm-none-eabi-gcc "C:/Users/domin/OneDrive/Documentos/Servicio Social Nivel Superior/Repositorio_STM32F469IDISCO/LCD_Paint/Drivers/STM32F4xx_HAL_Driver/Src/stm32f4xx_hal_sram.c" -mcpu=cortex-m4 -std=gnu11 -g3 -DDEBUG -DUSE_STM32469I_DISCOVERY -DUSE_HAL_DRIVER -DUSE_STM32469I_DISCO_REVC -DSTM32F469xx -DTS_MULTI_TOUCH_SUPPORTED -c -I../../Inc -I../../Drivers/CMSIS/Device/ST/STM32F4xx/Include -I../../Drivers/STM32F4xx_HAL_Driver/Inc -I../../Drivers/BSP/STM32469I-Discovery -I../../Drivers/BSP/Components/ft6x06 -I../../Drivers/BSP/Components/Common -I../../Drivers/BSP/Components -I../../Utilities -I../../Utilities/Fonts -I../../Middlewares/Third_Party/FatFs/src -I../../Drivers/CMSIS/Include -O0 -ffunction-sections -fdata-sections -Wall -fstack-usage -fcyclomatic-complexity -MMD -MP -MF"Drivers/STM32F4xx_HAL_Driver/stm32f4xx_hal_sram.d" -MT"Drivers/STM32F4xx_HAL_Driver/stm32f4xx_hal_sram.o" --specs=nano.specs -mfpu=fpv4-sp-d16 -mfloat-abi=hard -mthumb -o "Drivers/STM32F4xx_HAL_Driver/stm32f4xx_hal_sram.o"
arm-none-eabi-gcc "C:/Users/domin/OneDrive/Documentos/Servicio Social Nivel Superior/Repositorio_STM32F469IDISCO/LCD_Paint/Drivers/STM32F4xx_HAL_Driver/Src/stm32f4xx_hal_uart.c" -mcpu=cortex-m4 -std=gnu11 -g3 -DDEBUG -DUSE_STM32469I_DISCOVERY -DUSE_HAL_DRIVER -DUSE_STM32469I_DISCO_REVC -DSTM32F469xx -DTS_MULTI_TOUCH_SUPPORTED -c -I../../Inc -I../../Drivers/CMSIS/Device/ST/STM32F4xx/Include -I../../Drivers/STM32F4xx_HAL_Driver/Inc -I../../Drivers/BSP/STM32469I-Discovery -I../../Drivers/BSP/Components/ft6x06 -I../../Drivers/BSP/Components/Common -I../../Drivers/BSP/Components -I../../Utilities -I../../Utilities/Fonts -I../../Middlewares/Third_Party/FatFs/src -I../../Drivers/CMSIS/Include -O0 -ffunction-sections -fdata-sections -Wall -fstack-usage -fcyclomatic-complexity -MMD -MP -MF"Drivers/STM32F4xx_HAL_Driver/stm32f4xx_hal_uart.d" -MT"Drivers/STM32F4xx_HAL_Driver/stm32f4xx_hal_uart.o" --specs=nano.specs -mfpu=fpv4-sp-d16 -mfloat-abi=hard -mthumb -o "Drivers/STM32F4xx_HAL_Driver/stm32f4xx_hal_uart.o"
arm-none-eabi-gcc "C:/Users/domin/OneDrive/Documentos/Servicio Social Nivel Superior/Repositorio_STM32F469IDISCO/LCD_Paint/Drivers/STM32F4xx_HAL_Driver/Src/stm32f4xx_ll_fmc.c" -mcpu=cortex-m4 -std=gnu11 -g3 -DDEBUG -DUSE_STM32469I_DISCOVERY -DUSE_HAL_DRIVER -DUSE_STM32469I_DISCO_REVC -DSTM32F469xx -DTS_MULTI_TOUCH_SUPPORTED -c -I../../Inc -I../../Drivers/CMSIS/Device/ST/STM32F4xx/Include -I../../Drivers/STM32F4xx_HAL_Driver/Inc -I../../Drivers/BSP/STM32469I-Discovery -I../../Drivers/BSP/Components/ft6x06 -I../../Drivers/BSP/Components/Common -I../../Drivers/BSP/Components -I../../Utilities -I../../Utilities/Fonts -I../../Middlewares/Third_Party/FatFs/src -I../../Drivers/CMSIS/Include -O0 -ffunction-sections -fdata-sections -Wall -fstack-usage -fcyclomatic-complexity -MMD -MP -MF"Drivers/STM32F4xx_HAL_Driver/stm32f4xx_ll_fmc.d" -MT"Drivers/STM32F4xx_HAL_Driver/stm32f4xx_ll_fmc.o" --specs=nano.specs -mfpu=fpv4-sp-d16 -mfloat-abi=hard -mthumb -o "Drivers/STM32F4xx_HAL_Driver/stm32f4xx_ll_fmc.o"
arm-none-eabi-gcc "C:/Users/domin/OneDrive/Documentos/Servicio Social Nivel Superior/Repositorio_STM32F469IDISCO/LCD_Paint/Drivers/STM32F4xx_HAL_Driver/Src/stm32f4xx_ll_sdmmc.c" -mcpu=cortex-m4 -std=gnu11 -g3 -DDEBUG -DUSE_STM32469I_DISCOVERY -DUSE_HAL_DRIVER -DUSE_STM32469I_DISCO_REVC -DSTM32F469xx -DTS_MULTI_TOUCH_SUPPORTED -c -I../../Inc -I../../Drivers/CMSIS/Device/ST/STM32F4xx/Include -I../../Drivers/STM32F4xx_HAL_Driver/Inc -I../../Drivers/BSP/STM32469I-Discovery -I../../Drivers/BSP/Components/ft6x06 -I../../Drivers/BSP/Components/Common -I../../Drivers/BSP/Components -I../../Utilities -I../../Utilities/Fonts -I../../Middlewares/Third_Party/FatFs/src -I../../Drivers/CMSIS/Include -O0 -ffunction-sections -fdata-sections -Wall -fstack-usage -fcyclomatic-complexity -MMD -MP -MF"Drivers/STM32F4xx_HAL_Driver/stm32f4xx_ll_sdmmc.d" -MT"Drivers/STM32F4xx_HAL_Driver/stm32f4xx_ll_sdmmc.o" --specs=nano.specs -mfpu=fpv4-sp-d16 -mfloat-abi=hard -mthumb -o "Drivers/STM32F4xx_HAL_Driver/stm32f4xx_ll_sdmmc.o"
arm-none-eabi-gcc "C:/Users/domin/OneDrive/Documentos/Servicio Social Nivel Superior/Repositorio_STM32F469IDISCO/LCD_Paint/Src/system_stm32f4xx.c" -mcpu=cortex-m4 -std=gnu11 -g3 -DDEBUG -DUSE_STM32469I_DISCOVERY -DUSE_HAL_DRIVER -DUSE_STM32469I_DISCO_REVC -DSTM32F469xx -DTS_MULTI_TOUCH_SUPPORTED -c -I../../Inc -I../../Drivers/CMSIS/Device/ST/STM32F4xx/Include -I../../Drivers/STM32F4xx_HAL_Driver/Inc -I../../Drivers/BSP/STM32469I-Discovery -I../../Drivers/BSP/Components/ft6x06 -I../../Drivers/BSP/Components/Common -I../../Drivers/BSP/Components -I../../Utilities -I../../Utilities/Fonts -I../../Middlewares/Third_Party/FatFs/src -I../../Drivers/CMSIS/Include -O0 -ffunction-sections -fdata-sections -Wall -fstack-usage -fcyclomatic-complexity -MMD -MP -MF"Drivers/CMSIS/system_stm32f4xx.d" -MT"Drivers/CMSIS/system_stm32f4xx.o" --specs=nano.specs -mfpu=fpv4-sp-d16 -mfloat-abi=hard -mthumb -o "Drivers/CMSIS/system_stm32f4xx.o"
arm-none-eabi-gcc "C:/Users/domin/OneDrive/Documentos/Servicio Social Nivel Superior/Repositorio_STM32F469IDISCO/LCD_Paint/Drivers/BSP/STM32469I-Discovery/stm32469i_discovery.c" -mcpu=cortex-m4 -std=gnu11 -g3 -DDEBUG -DUSE_STM32469I_DISCOVERY -DUSE_HAL_DRIVER -DUSE_STM32469I_DISCO_REVC -DSTM32F469xx -DTS_MULTI_TOUCH_SUPPORTED -c -I../../Inc -I../../Drivers/CMSIS/Device/ST/STM32F4xx/Include -I../../Drivers/STM32F4xx_HAL_Driver/Inc -I../../Drivers/BSP/STM32469I-Discovery -I../../Drivers/BSP/Components/ft6x06 -I../../Drivers/BSP/Components/Common -I../../Drivers/BSP/Components -I../../Utilities -I../../Utilities/Fonts -I../../Middlewares/Third_Party/FatFs/src -I../../Drivers/CMSIS/Include -O0 -ffunction-sections -fdata-sections -Wall -fstack-usage -fcyclomatic-complexity -MMD -MP -MF"Drivers/BSP/STM32469I-Discovery/stm32469i_discovery.d" -MT"Drivers/BSP/STM32469I-Discovery/stm32469i_discovery.o" --specs=nano.specs -mfpu=fpv4-sp-d16 -mfloat-abi=hard -mthumb -o "Drivers/BSP/STM32469I-Discovery/stm32469i_discovery.o"
arm-none-eabi-gcc "C:/Users/domin/OneDrive/Documentos/Servicio Social Nivel Superior/Repositorio_STM32F469IDISCO/LCD_Paint/Drivers/BSP/STM32469I-Discovery/stm32469i_discovery_lcd.c" -mcpu=cortex-m4 -std=gnu11 -g3 -DDEBUG -DUSE_STM32469I_DISCOVERY -DUSE_HAL_DRIVER -DUSE_STM32469I_DISCO_REVC -DSTM32F469xx -DTS_MULTI_TOUCH_SUPPORTED -c -I../../Inc -I../../Drivers/CMSIS/Device/ST/STM32F4xx/Include -I../../Drivers/STM32F4xx_HAL_Driver/Inc -I../../Drivers/BSP/STM32469I-Discovery -I../../Drivers/BSP/Components/ft6x06 -I../../Drivers/BSP/Components/Common -I../../Drivers/BSP/Components -I../../Utilities -I../../Utilities/Fonts -I../../Middlewares/Third_Party/FatFs/src -I../../Drivers/CMSIS/Include -O0 -ffunction-sections -fdata-sections -Wall -fstack-usage -fcyclomatic-complexity -MMD -MP -MF"Drivers/BSP/STM32469I-Discovery/stm32469i_discovery_lcd.d" -MT"Drivers/BSP/STM32469I-Discovery/stm32469i_discovery_lcd.o" --specs=nano.specs -mfpu=fpv4-sp-d16 -mfloat-abi=hard -mthumb -o "Drivers/BSP/STM32469I-Discovery/stm32469i_discovery_lcd.o"
arm-none-eabi-gcc "C:/Users/domin/OneDrive/Documentos/Servicio Social Nivel Superior/Repositorio_STM32F469IDISCO/LCD_Paint/Drivers/BSP/STM32469I-Discovery/stm32469i_discovery_sd.c" -mcpu=cortex-m4 -std=gnu11 -g3 -DDEBUG -DUSE_STM32469I_DISCOVERY -DUSE_HAL_DRIVER -DUSE_STM32469I_DISCO_REVC -DSTM32F469xx -DTS_MULTI_TOUCH_SUPPORTED -c -I../../Inc -I../../Drivers/CMSIS/Device/ST/STM32F4xx/Include -I../../Drivers/STM32F4xx_HAL_Driver/Inc -I../../Drivers/BSP/STM32469I-Discovery -I../../Drivers/BSP/Components/ft6x06 -I../../Drivers/BSP/Components/Common -I../../Drivers/BSP/Components -I../../Utilities -I../../Utilities/Fonts -I../../Middlewares/Third_Party/FatFs/src -I../../Drivers/CMSIS/Include -O0 -ffunction-sections -fdata-sections -Wall -fstack-usage -fcyclomatic-complexity -MMD -MP -MF"Drivers/BSP/STM32469I-Discovery/stm32469i_discovery_sd.d" -MT"Drivers/BSP/STM32469I-Discovery/stm32469i_discovery_sd.o" --specs=nano.specs -mfpu=fpv4-sp-d16 -mfloat-abi=hard -mthumb -o "Drivers/BSP/STM32469I-Discovery/stm32469i_discovery_sd.o"
arm-none-eabi-gcc "C:/Users/domin/OneDrive/Documentos/Servicio Social Nivel Superior/Repositorio_STM32F469IDISCO/LCD_Paint/Drivers/BSP/STM32469I-Discovery/stm32469i_discovery_sdram.c" -mcpu=cortex-m4 -std=gnu11 -g3 -DDEBUG -DUSE_STM32469I_DISCOVERY -DUSE_HAL_DRIVER -DUSE_STM32469I_DISCO_REVC -DSTM32F469xx -DTS_MULTI_TOUCH_SUPPORTED -c -I../../Inc -I../../Drivers/CMSIS/Device/ST/STM32F4xx/Include -I../../Drivers/STM32F4xx_HAL_Driver/Inc -I../../Drivers/BSP/STM32469I-Discovery -I../../Drivers/BSP/Components/ft6x06 -I../../Drivers/BSP/Components/Common -I../../Drivers/BSP/Components -I../../Utilities -I../../Utilities/Fonts -I../../Middlewares/Third_Party/FatFs/src -I../../Drivers/CMSIS/Include -O0 -ffunction-sections -fdata-sections -Wall -fstack-usage -fcyclomatic-complexity -MMD -MP -MF"Drivers/BSP/STM32469I-Discovery/stm32469i_discovery_sdram.d" -MT"Drivers/BSP/STM32469I-Discovery/stm32469i_discovery_sdram.o" --specs=nano.specs -mfpu=fpv4-sp-d16 -mfloat-abi=hard -mthumb -o "Drivers/BSP/STM32469I-Discovery/stm32469i_discovery_sdram.o"
arm-none-eabi-gcc "C:/Users/domin/OneDrive/Documentos/Servicio Social Nivel Superior/Repositorio_STM32F469IDISCO/LCD_Paint/Drivers/BSP/STM32469I-Discovery/stm32469i_discovery_ts.c" -mcpu=cortex-m4 -std=gnu11 -g3 -DDEBUG -DUSE_STM32469I_DISCOVERY -DUSE_HAL_DRIVER -DUSE_STM32469I_DISCO_REVC -DSTM32F469xx -DTS_MULTI_TOUCH_SUPPORTED -c -I../../Inc -I../../Drivers/CMSIS/Device/ST/STM32F4xx/Include -I../../Drivers/STM32F4xx_HAL_Driver/Inc -I../../Drivers/BSP/STM32469I-Discovery -I../../Drivers/BSP/Components/ft6x06 -I../../Drivers/BSP/Components/Common -I../../Drivers/BSP/Components -I../../Utilities -I../../Utilities/Fonts -I../../Middlewares/Third_Party/FatFs/src -I../../Drivers/CMSIS/Include -O0 -ffunction-sections -fdata-sections -Wall -fstack-usage -fcyclomatic-complexity -MMD -MP -MF"Drivers/BSP/STM32469I-Discovery/stm32469i_discovery_ts.d" -MT"Drivers/BSP/STM32469I-Discovery/stm32469i_discovery_ts.o" --specs=nano.specs -mfpu=fpv4-sp-d16 -mfloat-abi=hard -mthumb -o "Drivers/BSP/STM32469I-Discovery/stm32469i_discovery_ts.o"
arm-none-eabi-gcc "C:/Users/domin/OneDrive/Documentos/Servicio Social Nivel Superior/Repositorio_STM32F469IDISCO/LCD_Paint/Drivers/BSP/Components/ft6x06/ft6x06.c" -mcpu=cortex-m4 -std=gnu11 -g3 -DDEBUG -DUSE_STM32469I_DISCOVERY -DUSE_HAL_DRIVER -DUSE_STM32469I_DISCO_REVC -DSTM32F469xx -DTS_MULTI_TOUCH_SUPPORTED -c -I../../Inc -I../../Drivers/CMSIS/Device/ST/STM32F4xx/Include -I../../Drivers/STM32F4xx_HAL_Driver/Inc -I../../Drivers/BSP/STM32469I-Discovery -I../../Drivers/BSP/Components/ft6x06 -I../../Drivers/BSP/Components/Common -I../../Drivers/BSP/Components -I../../Utilities -I../../Utilities/Fonts -I../../Middlewares/Third_Party/FatFs/src -I../../Drivers/CMSIS/Include -O0 -ffunction-sections -fdata-sections -Wall -fstack-usage -fcyclomatic-complexity -MMD -MP -MF"Drivers/BSP/Components/ft6x06.d" -MT"Drivers/BSP/Components/ft6x06.o" --specs=nano.specs -mfpu=fpv4-sp-d16 -mfloat-abi=hard -mthumb -o "Drivers/BSP/Components/ft6x06.o"
arm-none-eabi-gcc "C:/Users/domin/OneDrive/Documentos/Servicio Social Nivel Superior/Repositorio_STM32F469IDISCO/LCD_Paint/Drivers/BSP/Components/nt35510/nt35510.c" -mcpu=cortex-m4 -std=gnu11 -g3 -DDEBUG -DUSE_STM32469I_DISCOVERY -DUSE_HAL_DRIVER -DUSE_STM32469I_DISCO_REVC -DSTM32F469xx -DTS_MULTI_TOUCH_SUPPORTED -c -I../../Inc -I../../Drivers/CMSIS/Device/ST/STM32F4xx/Include -I../../Drivers/STM32F4xx_HAL_Driver/Inc -I../../Drivers/BSP/STM32469I-Discovery -I../../Drivers/BSP/Components/ft6x06 -I../../Drivers/BSP/Components/Common -I../../Drivers/BSP/Components -I../../Utilities -I../../Utilities/Fonts -I../../Middlewares/Third_Party/FatFs/src -I../../Drivers/CMSIS/Include -O0 -ffunction-sections -fdata-sections -Wall -fstack-usage -fcyclomatic-complexity -MMD -MP -MF"Drivers/BSP/Components/nt35510.d" -MT"Drivers/BSP/Components/nt35510.o" --specs=nano.specs -mfpu=fpv4-sp-d16 -mfloat-abi=hard -mthumb -o "Drivers/BSP/Components/nt35510.o"
arm-none-eabi-gcc "C:/Users/domin/OneDrive/Documentos/Servicio Social Nivel Superior/Repositorio_STM32F469IDISCO/LCD_Paint/Drivers/BSP/Components/otm8009a/otm8009a.c" -mcpu=cortex-m4 -std=gnu11 -g3 -DDEBUG -DUSE_STM32469I_DISCOVERY -DUSE_HAL_DRIVER -DUSE_STM32469I_DISCO_REVC -DSTM32F469xx -DTS_MULTI_TOUCH_SUPPORTED -c -I../../Inc -I../../Drivers/CMSIS/Device/ST/STM32F4xx/Include -I../../Drivers/STM32F4xx_HAL_Driver/Inc -I../../Drivers/BSP/STM32469I-Discovery -I../../Drivers/BSP/Components/ft6x06 -I../../Drivers/BSP/Components/Common -I../../Drivers/BSP/Components -I../../Utilities -I../../Utilities/Fonts -I../../Middlewares/Third_Party/FatFs/src -I../../Drivers/CMSIS/Include -O0 -ffunction-sections -fdata-sections -Wall -fstack-usage -fcyclomatic-complexity -MMD -MP -MF"Drivers/BSP/Components/otm8009a.d" -MT"Drivers/BSP/Components/otm8009a.o" --specs=nano.specs -mfpu=fpv4-sp-d16 -mfloat-abi=hard -mthumb -o "Drivers/BSP/Components/otm8009a.o"
arm-none-eabi-gcc "C:/Users/domin/OneDrive/Documentos/Servicio Social Nivel Superior/Repositorio_STM32F469IDISCO/LCD_Paint/Src/main.c" -mcpu=cortex-m4 -std=gnu11 -g3 -DDEBUG -DUSE_STM32469I_DISCOVERY -DUSE_HAL_DRIVER -DUSE_STM32469I_DISCO_REVC -DSTM32F469xx -DTS_MULTI_TOUCH_SUPPORTED -c -I../../Inc -I../../Drivers/CMSIS/Device/ST/STM32F4xx/Include -I../../Drivers/STM32F4xx_HAL_Driver/Inc -I../../Drivers/BSP/STM32469I-Discovery -I../../Drivers/BSP/Components/ft6x06 -I../../Drivers/BSP/Components/Common -I../../Drivers/BSP/Components -I../../Utilities -I../../Utilities/Fonts -I../../Middlewares/Third_Party/FatFs/src -I../../Drivers/CMSIS/Include -O0 -ffunction-sections -fdata-sections -Wall -fstack-usage -fcyclomatic-complexity -MMD -MP -MF"Application/User/main.d" -MT"Application/User/main.o" --specs=nano.specs -mfpu=fpv4-sp-d16 -mfloat-abi=hard -mthumb -o "Application/User/main.o"
arm-none-eabi-gcc "C:/Users/domin/OneDrive/Documentos/Servicio Social Nivel Superior/Repositorio_STM32F469IDISCO/LCD_Paint/Src/stm32f4xx_it.c" -mcpu=cortex-m4 -std=gnu11 -g3 -DDEBUG -DUSE_STM32469I_DISCOVERY -DUSE_HAL_DRIVER -DUSE_STM32469I_DISCO_REVC -DSTM32F469xx -DTS_MULTI_TOUCH_SUPPORTED -c -I../../Inc -I../../Drivers/CMSIS/Device/ST/STM32F4xx/Include -I../../Drivers/STM32F4xx_HAL_Driver/Inc -I../../Drivers/BSP/STM32469I-Discovery -I../../Drivers/BSP/Components/ft6x06 -I../../Drivers/BSP/Components/Common -I../../Drivers/BSP/Components -I../../Utilities -I../../Utilities/Fonts -I../../Middlewares/Third_Party/FatFs/src -I../../Drivers/CMSIS/Include -O0 -ffunction-sections -fdata-sections -Wall -fstack-usage -fcyclomatic-complexity -MMD -MP -MF"Application/User/stm32f4xx_it.d" -MT"Application/User/stm32f4xx_it.o" --specs=nano.specs -mfpu=fpv4-sp-d16 -mfloat-abi=hard -mthumb -o "Application/User/stm32f4xx_it.o"
arm-none-eabi-gcc "../Application/User/syscalls.c" -mcpu=cortex-m4 -std=gnu11 -g3 -DDEBUG -DUSE_STM32469I_DISCOVERY -DUSE_HAL_DRIVER -DUSE_STM32469I_DISCO_REVC -DSTM32F469xx -DTS_MULTI_TOUCH_SUPPORTED -c -I../../Inc -I../../Drivers/CMSIS/Device/ST/STM32F4xx/Include -I../../Drivers/STM32F4xx_HAL_Driver/Inc -I../../Drivers/BSP/STM32469I-Discovery -I../../Drivers/BSP/Components/ft6x06 -I../../Drivers/BSP/Components/Common -I../../Drivers/BSP/Components -I../../Utilities -I../../Utilities/Fonts -I../../Middlewares/Third_Party/FatFs/src -I../../Drivers/CMSIS/Include -O0 -ffunction-sections -fdata-sections -Wall -fstack-usage -fcyclomatic-complexity -MMD -MP -MF"Application/User/syscalls.d" -MT"Application/User/syscalls.o" --specs=nano.specs -mfpu=fpv4-sp-d16 -mfloat-abi=hard -mthumb -o "Application/User/syscalls.o"
arm-none-eabi-gcc "../Application/User/sysmem.c" -mcpu=cortex-m4 -std=gnu11 -g3 -DDEBUG -DUSE_STM32469I_DISCOVERY -DUSE_HAL_DRIVER -DUSE_STM32469I_DISCO_REVC -DSTM32F469xx -DTS_MULTI_TOUCH_SUPPORTED -c -I../../Inc -I../../Drivers/CMSIS/Device/ST/STM32F4xx/Include -I../../Drivers/STM32F4xx_HAL_Driver/Inc -I../../Drivers/BSP/STM32469I-Discovery -I../../Drivers/BSP/Components/ft6x06 -I../../Drivers/BSP/Components/Common -I../../Drivers/BSP/Components -I../../Utilities -I../../Utilities/Fonts -I../../Middlewares/Third_Party/FatFs/src -I../../Drivers/CMSIS/Include -O0 -ffunction-sections -fdata-sections -Wall -fstack-usage -fcyclomatic-complexity -MMD -MP -MF"Application/User/sysmem.d" -MT"Application/User/sysmem.o" --specs=nano.specs -mfpu=fpv4-sp-d16 -mfloat-abi=hard -mthumb -o "Application/User/sysmem.o"
arm-none-eabi-gcc "C:/Users/domin/OneDrive/Documentos/Servicio Social Nivel Superior/Repositorio_STM32F469IDISCO/LCD_Paint/Src/ts_calibration.c" -mcpu=cortex-m4 -std=gnu11 -g3 -DDEBUG -DUSE_STM32469I_DISCOVERY -DUSE_HAL_DRIVER -DUSE_STM32469I_DISCO_REVC -DSTM32F469xx -DTS_MULTI_TOUCH_SUPPORTED -c -I../../Inc -I../../Drivers/CMSIS/Device/ST/STM32F4xx/Include -I../../Drivers/STM32F4xx_HAL_Driver/Inc -I../../Drivers/BSP/STM32469I-Discovery -I../../Drivers/BSP/Components/ft6x06 -I../../Drivers/BSP/Components/Common -I../../Drivers/BSP/Components -I../../Utilities -I../../Utilities/Fonts -I../../Middlewares/Third_Party/FatFs/src -I../../Drivers/CMSIS/Include -O0 -ffunction-sections -fdata-sections -Wall -fstack-usage -fcyclomatic-complexity -MMD -MP -MF"Application/User/ts_calibration.d" -MT"Application/User/ts_calibration.o" --specs=nano.specs -mfpu=fpv4-sp-d16 -mfloat-abi=hard -mthumb -o "Application/User/ts_calibration.o"
arm-none-eabi-gcc -mcpu=cortex-m4 -g3 -DDEBUG -c -x assembler-with-cpp -MMD -MP -MF"Application/Startup/startup_stm32f469nihx.d" -MT"Application/Startup/startup_stm32f469nihx.o" --specs=nano.specs -mfpu=fpv4-sp-d16 -mfloat-abi=hard -mthumb -o "Application/Startup/startup_stm32f469nihx.o" "../Application/Startup/startup_stm32f469nihx.s"
C:/Users/domin/OneDrive/Documentos/Servicio Social Nivel Superior/Repositorio_STM32F469IDISCO/LCD_Paint/Src/main.c: In function 'main':
C:/Users/domin/OneDrive/Documentos/Servicio Social Nivel Superior/Repositorio_STM32F469IDISCO/LCD_Paint/Src/main.c:76:56: warning: assignment to 'char' from 'char *' makes integer from pointer without a cast [-Wint-conversion]
   76 |                              arreglo[direccionarreglo] ="\0";
      |                                                        ^
arm-none-eabi-gcc -o "LCD_Paint.elf" @"objects.list"   -mcpu=cortex-m4 -T"C:\Users\domin\OneDrive\Documentos\Servicio Social Nivel Superior\Repositorio_STM32F469IDISCO\LCD_Paint\STM32CubeIDE\STM32F469NIHX_FLASH.ld" --specs=nosys.specs -Wl,-Map="LCD_Paint.map" -Wl,--gc-sections -static --specs=nano.specs -mfpu=fpv4-sp-d16 -mfloat-abi=hard -mthumb -Wl,--start-group -lc -lm -Wl,--end-group
Finished building target: LCD_Paint.elf
 
arm-none-eabi-size  LCD_Paint.elf 
arm-none-eabi-objdump -h -S LCD_Paint.elf  > "LCD_Paint.list"
   text	   data	    bss	    dec	    hex	filename
  44020	     64	   3960	  48044	   bbac	LCD_Paint.elf
Finished building: default.size.stdout
 
Finished building: LCD_Paint.list
 
